<?xml version="1.0"?>
<link_info>
   <banner>TI ARM Linker PC v5.2.5</banner>
   <copyright>Copyright (c) 1996-2015 Texas Instruments Incorporated</copyright>
   <link_time>0x5f4e8ea1</link_time>
   <link_errors>0x0</link_errors>
   <output_file>PMP21529.out</output_file>
   <entry_point>
      <name>_c_int00</name>
      <address>0x2cb4</address>
   </entry_point>
   <input_file_list>
      <input_file id="fl-2">
         <path>.\</path>
         <kind>object</kind>
         <file>clear_program_flash.obj</file>
         <name>clear_program_flash.obj</name>
      </input_file>
      <input_file id="fl-3">
         <path>.\</path>
         <kind>object</kind>
         <file>constants.obj</file>
         <name>constants.obj</name>
      </input_file>
      <input_file id="fl-4">
         <path>.\</path>
         <kind>object</kind>
         <file>cyclone_global_variables_defs.obj</file>
         <name>cyclone_global_variables_defs.obj</name>
      </input_file>
      <input_file id="fl-5">
         <path>.\</path>
         <kind>object</kind>
         <file>device_id.obj</file>
         <name>device_id.obj</name>
      </input_file>
      <input_file id="fl-6">
         <path>.\</path>
         <kind>object</kind>
         <file>flash.obj</file>
         <name>flash.obj</name>
      </input_file>
      <input_file id="fl-7">
         <path>.\</path>
         <kind>object</kind>
         <file>init_adc12.obj</file>
         <name>init_adc12.obj</name>
      </input_file>
      <input_file id="fl-8">
         <path>.\</path>
         <kind>object</kind>
         <file>init_bat_charge_loop.obj</file>
         <name>init_bat_charge_loop.obj</name>
      </input_file>
      <input_file id="fl-9">
         <path>.\</path>
         <kind>object</kind>
         <file>init_bus_backup_loop.obj</file>
         <name>init_bus_backup_loop.obj</name>
      </input_file>
      <input_file id="fl-a">
         <path>.\</path>
         <kind>object</kind>
         <file>init_dpwm.obj</file>
         <name>init_dpwm.obj</name>
      </input_file>
      <input_file id="fl-b">
         <path>.\</path>
         <kind>object</kind>
         <file>init_miscellaneous.obj</file>
         <name>init_miscellaneous.obj</name>
      </input_file>
      <input_file id="fl-c">
         <path>.\</path>
         <kind>object</kind>
         <file>init_protection.obj</file>
         <name>init_protection.obj</name>
      </input_file>
      <input_file id="fl-d">
         <path>.\</path>
         <kind>object</kind>
         <file>interrupts.obj</file>
         <name>interrupts.obj</name>
      </input_file>
      <input_file id="fl-e">
         <path>.\</path>
         <kind>object</kind>
         <file>load.obj</file>
         <name>load.obj</name>
      </input_file>
      <input_file id="fl-f">
         <path>.\</path>
         <kind>object</kind>
         <file>main.obj</file>
         <name>main.obj</name>
      </input_file>
      <input_file id="fl-10">
         <path>.\</path>
         <kind>object</kind>
         <file>pmbus.obj</file>
         <name>pmbus.obj</name>
      </input_file>
      <input_file id="fl-11">
         <path>.\</path>
         <kind>object</kind>
         <file>pmbus_coefficients.obj</file>
         <name>pmbus_coefficients.obj</name>
      </input_file>
      <input_file id="fl-12">
         <path>.\</path>
         <kind>object</kind>
         <file>pmbus_handler.obj</file>
         <name>pmbus_handler.obj</name>
      </input_file>
      <input_file id="fl-13">
         <path>.\</path>
         <kind>object</kind>
         <file>pmbus_manuf_info_commands.obj</file>
         <name>pmbus_manuf_info_commands.obj</name>
      </input_file>
      <input_file id="fl-14">
         <path>.\</path>
         <kind>object</kind>
         <file>pmbus_manuf_specific_commands.obj</file>
         <name>pmbus_manuf_specific_commands.obj</name>
      </input_file>
      <input_file id="fl-15">
         <path>.\</path>
         <kind>object</kind>
         <file>pmbus_tools.obj</file>
         <name>pmbus_tools.obj</name>
      </input_file>
      <input_file id="fl-16">
         <path>.\</path>
         <kind>object</kind>
         <file>software_interrupt_wrapper.obj</file>
         <name>software_interrupt_wrapper.obj</name>
      </input_file>
      <input_file id="fl-17">
         <path>.\</path>
         <kind>object</kind>
         <file>standard_interrupt.obj</file>
         <name>standard_interrupt.obj</name>
      </input_file>
      <input_file id="fl-18">
         <path>.\</path>
         <kind>object</kind>
         <file>zero_out_integrity_word.obj</file>
         <name>zero_out_integrity_word.obj</name>
      </input_file>
      <input_file id="fl-13f">
         <path>C:\ti\ccsv6\tools\compiler\ti-cgt-arm_5.2.5\lib\</path>
         <kind>archive</kind>
         <file>rtsv4_T_be_tiarm9.lib</file>
         <name>copy_decompress_none.obj</name>
      </input_file>
      <input_file id="fl-140">
         <path>C:\ti\ccsv6\tools\compiler\ti-cgt-arm_5.2.5\lib\</path>
         <kind>archive</kind>
         <file>rtsv4_T_be_tiarm9.lib</file>
         <name>copy_decompress_rle.obj</name>
      </input_file>
      <input_file id="fl-141">
         <path>C:\ti\ccsv6\tools\compiler\ti-cgt-arm_5.2.5\lib\</path>
         <kind>archive</kind>
         <file>rtsv4_T_be_tiarm9.lib</file>
         <name>copy_zero_init.obj</name>
      </input_file>
      <input_file id="fl-142">
         <path>C:\ti\ccsv6\tools\compiler\ti-cgt-arm_5.2.5\lib\</path>
         <kind>archive</kind>
         <file>rtsv4_T_be_tiarm9.lib</file>
         <name>fd_add16.obj</name>
      </input_file>
      <input_file id="fl-143">
         <path>C:\ti\ccsv6\tools\compiler\ti-cgt-arm_5.2.5\lib\</path>
         <kind>archive</kind>
         <file>rtsv4_T_be_tiarm9.lib</file>
         <name>fd_tou16.obj</name>
      </input_file>
      <input_file id="fl-144">
         <path>C:\ti\ccsv6\tools\compiler\ti-cgt-arm_5.2.5\lib\</path>
         <kind>archive</kind>
         <file>rtsv4_T_be_tiarm9.lib</file>
         <name>memcpy16.obj</name>
      </input_file>
      <input_file id="fl-145">
         <path>C:\ti\ccsv6\tools\compiler\ti-cgt-arm_5.2.5\lib\</path>
         <kind>archive</kind>
         <file>rtsv4_T_be_tiarm9.lib</file>
         <name>memset16.obj</name>
      </input_file>
      <input_file id="fl-146">
         <path>C:\ti\ccsv6\tools\compiler\ti-cgt-arm_5.2.5\lib\</path>
         <kind>archive</kind>
         <file>rtsv4_T_be_tiarm9.lib</file>
         <name>u_tofd16.obj</name>
      </input_file>
      <input_file id="fl-147">
         <path>C:\ti\ccsv6\tools\compiler\ti-cgt-arm_5.2.5\lib\</path>
         <kind>archive</kind>
         <file>rtsv4_T_be_tiarm9.lib</file>
         <name>ull_div16.obj</name>
      </input_file>
      <input_file id="fl-148">
         <path>C:\ti\ccsv6\tools\compiler\ti-cgt-arm_5.2.5\lib\</path>
         <kind>archive</kind>
         <file>rtsv4_T_be_tiarm9.lib</file>
         <name>ull_div32.obj</name>
      </input_file>
   </input_file_list>
   <object_component_list>
      <object_component id="oc-bb">
         <name>.text:retain</name>
         <load_address>0x20</load_address>
         <run_address>0x20</run_address>
         <size>0xda0</size>
         <input_file_ref idref="fl-17"/>
      </object_component>
      <object_component id="oc-102">
         <name>.text</name>
         <load_address>0xdc0</load_address>
         <run_address>0xdc0</run_address>
         <size>0x3e0</size>
         <input_file_ref idref="fl-10"/>
      </object_component>
      <object_component id="oc-7d">
         <name>.text:retain</name>
         <load_address>0x11a0</load_address>
         <run_address>0x11a0</run_address>
         <size>0x3c0</size>
         <input_file_ref idref="fl-d"/>
      </object_component>
      <object_component id="oc-105">
         <name>.text</name>
         <load_address>0x1560</load_address>
         <run_address>0x1560</run_address>
         <size>0x394</size>
         <input_file_ref idref="fl-11"/>
      </object_component>
      <object_component id="oc-106">
         <name>.text</name>
         <load_address>0x18f4</load_address>
         <run_address>0x18f4</run_address>
         <size>0x364</size>
         <input_file_ref idref="fl-14"/>
      </object_component>
      <object_component id="oc-f5">
         <name>.text</name>
         <load_address>0x1c58</load_address>
         <run_address>0x1c58</run_address>
         <size>0x328</size>
         <input_file_ref idref="fl-17"/>
      </object_component>
      <object_component id="oc-f6">
         <name>.text</name>
         <load_address>0x1f80</load_address>
         <run_address>0x1f80</run_address>
         <size>0x294</size>
         <input_file_ref idref="fl-12"/>
      </object_component>
      <object_component id="oc-103">
         <name>.text</name>
         <load_address>0x2214</load_address>
         <run_address>0x2214</run_address>
         <size>0x28c</size>
         <input_file_ref idref="fl-148"/>
      </object_component>
      <object_component id="oc-f9">
         <name>.text</name>
         <load_address>0x24a0</load_address>
         <run_address>0x24a0</run_address>
         <size>0x20c</size>
         <input_file_ref idref="fl-8"/>
      </object_component>
      <object_component id="oc-101">
         <name>.text</name>
         <load_address>0x26ac</load_address>
         <run_address>0x26ac</run_address>
         <size>0x19c</size>
         <input_file_ref idref="fl-16"/>
      </object_component>
      <object_component id="oc-109">
         <name>.text</name>
         <load_address>0x2848</load_address>
         <run_address>0x2848</run_address>
         <size>0x198</size>
         <input_file_ref idref="fl-6"/>
      </object_component>
      <object_component id="oc-fd">
         <name>.text</name>
         <load_address>0x29e0</load_address>
         <run_address>0x29e0</run_address>
         <size>0x192</size>
         <input_file_ref idref="fl-142"/>
      </object_component>
      <object_component id="oc-30">
         <name>.text</name>
         <load_address>0x2b74</load_address>
         <run_address>0x2b74</run_address>
         <size>0x190</size>
         <input_file_ref idref="fl-f"/>
      </object_component>
      <object_component id="oc-f8">
         <name>.text</name>
         <load_address>0x2d04</load_address>
         <run_address>0x2d04</run_address>
         <size>0x138</size>
         <input_file_ref idref="fl-a"/>
      </object_component>
      <object_component id="oc-f7">
         <name>.text</name>
         <load_address>0x2e3c</load_address>
         <run_address>0x2e3c</run_address>
         <size>0xf8</size>
         <input_file_ref idref="fl-9"/>
      </object_component>
      <object_component id="oc-f3">
         <name>.text</name>
         <load_address>0x2f34</load_address>
         <run_address>0x2f34</run_address>
         <size>0xf4</size>
         <input_file_ref idref="fl-b"/>
      </object_component>
      <object_component id="oc-107">
         <name>.text</name>
         <load_address>0x3028</load_address>
         <run_address>0x3028</run_address>
         <size>0xe0</size>
         <input_file_ref idref="fl-13"/>
      </object_component>
      <object_component id="oc-82">
         <name>.text</name>
         <load_address>0x3108</load_address>
         <run_address>0x3108</run_address>
         <size>0xd8</size>
         <input_file_ref idref="fl-e"/>
      </object_component>
      <object_component id="oc-f4">
         <name>.text</name>
         <load_address>0x31e0</load_address>
         <run_address>0x31e0</run_address>
         <size>0xb4</size>
         <input_file_ref idref="fl-7"/>
      </object_component>
      <object_component id="oc-fa">
         <name>.text</name>
         <load_address>0x3294</load_address>
         <run_address>0x3294</run_address>
         <size>0xb4</size>
         <input_file_ref idref="fl-c"/>
      </object_component>
      <object_component id="oc-f0">
         <name>.text</name>
         <load_address>0x3348</load_address>
         <run_address>0x3348</run_address>
         <size>0x9a</size>
         <input_file_ref idref="fl-144"/>
      </object_component>
      <object_component id="oc-100">
         <name>.text</name>
         <load_address>0x33e4</load_address>
         <run_address>0x33e4</run_address>
         <size>0x44</size>
         <input_file_ref idref="fl-18"/>
      </object_component>
      <object_component id="oc-fe">
         <name>.text</name>
         <load_address>0x3428</load_address>
         <run_address>0x3428</run_address>
         <size>0x40</size>
         <input_file_ref idref="fl-143"/>
      </object_component>
      <object_component id="oc-104">
         <name>.text</name>
         <load_address>0x3468</load_address>
         <run_address>0x3468</run_address>
         <size>0x2a</size>
         <input_file_ref idref="fl-15"/>
      </object_component>
      <object_component id="oc-ff">
         <name>.text</name>
         <load_address>0x3494</load_address>
         <run_address>0x3494</run_address>
         <size>0x24</size>
         <input_file_ref idref="fl-2"/>
      </object_component>
      <object_component id="oc-fc">
         <name>.text</name>
         <load_address>0x34b8</load_address>
         <run_address>0x34b8</run_address>
         <size>0x22</size>
         <input_file_ref idref="fl-146"/>
      </object_component>
      <object_component id="oc-fb">
         <name>.text</name>
         <load_address>0x34dc</load_address>
         <run_address>0x34dc</run_address>
         <size>0x16</size>
         <input_file_ref idref="fl-147"/>
      </object_component>
      <object_component id="oc-108">
         <name>.text</name>
         <load_address>0x34f4</load_address>
         <run_address>0x34f4</run_address>
         <size>0x14</size>
         <input_file_ref idref="fl-5"/>
      </object_component>
      <object_component id="oc-14a">
         <name>.tramp._enable_fast_interrupt.1</name>
         <load_address>0x3508</load_address>
         <run_address>0x3508</run_address>
         <size>0x10</size>
         <input_file_ref idref="fl-16"/>
      </object_component>
      <object_component id="oc-149">
         <name>.tramp._enable_interrupt.1</name>
         <load_address>0x3518</load_address>
         <run_address>0x3518</run_address>
         <size>0x10</size>
         <input_file_ref idref="fl-16"/>
      </object_component>
      <object_component id="oc-148">
         <name>.tramp._write_reqmask.1</name>
         <load_address>0x3528</load_address>
         <run_address>0x3528</run_address>
         <size>0x10</size>
         <input_file_ref idref="fl-16"/>
      </object_component>
      <object_component id="oc-147">
         <name>.tramp._write_firqpr.1</name>
         <load_address>0x3538</load_address>
         <run_address>0x3538</run_address>
         <size>0x10</size>
         <input_file_ref idref="fl-16"/>
      </object_component>
      <object_component id="oc-146">
         <name>.tramp._disable_interrupt.1</name>
         <load_address>0x3548</load_address>
         <run_address>0x3548</run_address>
         <size>0x10</size>
         <input_file_ref idref="fl-16"/>
      </object_component>
      <object_component id="oc-145">
         <name>.tramp._disable_fast_interrupt.1</name>
         <load_address>0x3558</load_address>
         <run_address>0x3558</run_address>
         <size>0x10</size>
         <input_file_ref idref="fl-16"/>
      </object_component>
      <object_component id="oc-144">
         <name>.tramp._poll_adc.1</name>
         <load_address>0x3568</load_address>
         <run_address>0x3568</run_address>
         <size>0x10</size>
         <input_file_ref idref="fl-17"/>
      </object_component>
      <object_component id="oc-143">
         <name>.tramp._erase_data_flash_segment.1</name>
         <load_address>0x3578</load_address>
         <run_address>0x3578</run_address>
         <size>0x10</size>
         <input_file_ref idref="fl-16"/>
      </object_component>
      <object_component id="oc-142">
         <name>.tramp._erase_dflash_segment_no_delay.1</name>
         <load_address>0x3588</load_address>
         <run_address>0x3588</run_address>
         <size>0x10</size>
         <input_file_ref idref="fl-16"/>
      </object_component>
      <object_component id="oc-141">
         <name>.tramp._write_data_flash_block.1</name>
         <load_address>0x3598</load_address>
         <run_address>0x3598</run_address>
         <size>0x10</size>
         <input_file_ref idref="fl-16"/>
      </object_component>
      <object_component id="oc-140">
         <name>.tramp._clear_integrity_word.1</name>
         <load_address>0x35a8</load_address>
         <run_address>0x35a8</run_address>
         <size>0x10</size>
         <input_file_ref idref="fl-16"/>
      </object_component>
      <object_component id="oc-ab">
         <name>.const:.string</name>
         <load_address>0x35c0</load_address>
         <run_address>0x35c0</run_address>
         <size>0xbc</size>
         <input_file_ref idref="fl-14"/>
      </object_component>
      <object_component id="oc-a5">
         <name>.const:.string</name>
         <load_address>0x367c</load_address>
         <run_address>0x367c</run_address>
         <size>0x5a</size>
         <input_file_ref idref="fl-13"/>
      </object_component>
      <object_component id="oc-10b">
         <name>.const:_parm_mem_start</name>
         <load_address>0x36d8</load_address>
         <run_address>0x36d8</run_address>
         <size>0x4c</size>
         <input_file_ref idref="fl-14"/>
      </object_component>
      <object_component id="oc-10a">
         <name>.const:_parm_mem_length</name>
         <load_address>0x3724</load_address>
         <run_address>0x3724</run_address>
         <size>0x26</size>
         <input_file_ref idref="fl-14"/>
      </object_component>
      <object_component id="oc-54">
         <name>FixedDeviceID</name>
         <load_address>0x7f58</load_address>
         <run_address>0x7f58</run_address>
         <size>0x1f</size>
         <input_file_ref idref="fl-5"/>
      </object_component>
      <object_component id="oc-83">
         <name>.vectors</name>
         <load_address>0x0</load_address>
         <run_address>0x0</run_address>
         <size>0x20</size>
         <input_file_ref idref="fl-e"/>
      </object_component>
      <object_component id="oc-37">
         <name>.CONFIG</name>
         <load_address>0x18800</load_address>
         <run_address>0x18800</run_address>
         <size>0xe8</size>
         <input_file_ref idref="fl-3"/>
      </object_component>
      <object_component id="oc-38">
         <name>.CONFIG_B</name>
         <uninitialized>true</uninitialized>
         <run_address>0x18900</run_address>
         <size>0xe8</size>
         <input_file_ref idref="fl-3"/>
      </object_component>
      <object_component id="oc-88">
         <name>.bss</name>
         <uninitialized>true</uninitialized>
         <run_address>0x1901c</run_address>
         <size>0xd0</size>
         <input_file_ref idref="fl-f"/>
      </object_component>
      <object_component id="oc-8a">
         <name>.bss:_pmbus_buffer</name>
         <uninitialized>true</uninitialized>
         <run_address>0x191c4</run_address>
         <size>0x28</size>
         <input_file_ref idref="fl-f"/>
      </object_component>
      <object_component id="oc-8b">
         <name>.bss:_pmbus_dcdc_config</name>
         <uninitialized>true</uninitialized>
         <run_address>0x191ec</run_address>
         <size>0x28</size>
         <input_file_ref idref="fl-f"/>
      </object_component>
      <object_component id="oc-8c">
         <name>.bss:_pmbus_dcdc_config_translated</name>
         <uninitialized>true</uninitialized>
         <run_address>0x19214</run_address>
         <size>0x28</size>
         <input_file_ref idref="fl-f"/>
      </object_component>
      <object_component id="oc-8d">
         <name>.bss:_pmbus_dcdc_config_nonpaged</name>
         <uninitialized>true</uninitialized>
         <run_address>0x1916c</run_address>
         <size>0x2c</size>
         <input_file_ref idref="fl-f"/>
      </object_component>
      <object_component id="oc-8e">
         <name>.bss:_pmbus_dcdc_config_nonpaged_translated</name>
         <uninitialized>true</uninitialized>
         <run_address>0x19198</run_address>
         <size>0x2c</size>
         <input_file_ref idref="fl-f"/>
      </object_component>
      <object_component id="oc-8f">
         <name>.bss:_filter0_pmbus_regs</name>
         <uninitialized>true</uninitialized>
         <run_address>0x190ec</run_address>
         <size>0x40</size>
         <input_file_ref idref="fl-f"/>
      </object_component>
      <object_component id="oc-90">
         <name>.bss:_filter1_pmbus_regs</name>
         <uninitialized>true</uninitialized>
         <run_address>0x1912c</run_address>
         <size>0x40</size>
         <input_file_ref idref="fl-f"/>
      </object_component>
      <object_component id="oc-13">
         <name>_StackUSER_</name>
         <uninitialized>true</uninitialized>
         <run_address>0x19e6c</run_address>
         <size>0x0</size>
      </object_component>
      <object_component id="oc-4a">
         <name>LoopMuxRegsFile</name>
         <uninitialized>true</uninitialized>
         <run_address>0x20000</run_address>
         <size>0x78</size>
         <input_file_ref idref="fl-4"/>
      </object_component>
      <object_component id="oc-42">
         <name>FaultMuxRegsFile</name>
         <uninitialized>true</uninitialized>
         <run_address>0x30000</run_address>
         <size>0x80</size>
         <input_file_ref idref="fl-4"/>
      </object_component>
      <object_component id="oc-50">
         <name>Uart0RegsFile</name>
         <uninitialized>true</uninitialized>
         <run_address>0xfff7ec00</run_address>
         <size>0x38</size>
         <input_file_ref idref="fl-4"/>
      </object_component>
      <object_component id="oc-51">
         <name>Uart1RegsFile</name>
         <uninitialized>true</uninitialized>
         <run_address>0xfff7ed00</run_address>
         <size>0x38</size>
         <input_file_ref idref="fl-4"/>
      </object_component>
      <object_component id="oc-3b">
         <name>AdcRegsFile</name>
         <uninitialized>true</uninitialized>
         <run_address>0x40000</run_address>
         <size>0x98</size>
         <input_file_ref idref="fl-4"/>
      </object_component>
      <object_component id="oc-41">
         <name>Dpwm3RegsFile</name>
         <uninitialized>true</uninitialized>
         <run_address>0x50000</run_address>
         <size>0x8c</size>
         <input_file_ref idref="fl-4"/>
      </object_component>
      <object_component id="oc-49">
         <name>Filter2RegsFile</name>
         <uninitialized>true</uninitialized>
         <run_address>0x60000</run_address>
         <size>0x64</size>
         <input_file_ref idref="fl-4"/>
      </object_component>
      <object_component id="oc-40">
         <name>Dpwm2RegsFile</name>
         <uninitialized>true</uninitialized>
         <run_address>0x70000</run_address>
         <size>0x8c</size>
         <input_file_ref idref="fl-4"/>
      </object_component>
      <object_component id="oc-45">
         <name>FeCtrl2RegsFile</name>
         <uninitialized>true</uninitialized>
         <run_address>0x80000</run_address>
         <size>0x44</size>
         <input_file_ref idref="fl-4"/>
      </object_component>
      <object_component id="oc-47">
         <name>Filter1RegsFile</name>
         <uninitialized>true</uninitialized>
         <run_address>0x90000</run_address>
         <size>0x64</size>
         <input_file_ref idref="fl-4"/>
      </object_component>
      <object_component id="oc-3f">
         <name>Dpwm1RegsFile</name>
         <uninitialized>true</uninitialized>
         <run_address>0xa0000</run_address>
         <size>0x8c</size>
         <input_file_ref idref="fl-4"/>
      </object_component>
      <object_component id="oc-44">
         <name>FeCtrl1RegsFile</name>
         <uninitialized>true</uninitialized>
         <run_address>0xb0000</run_address>
         <size>0x44</size>
         <input_file_ref idref="fl-4"/>
      </object_component>
      <object_component id="oc-46">
         <name>Filter0RegsFile</name>
         <uninitialized>true</uninitialized>
         <run_address>0xc0000</run_address>
         <size>0x64</size>
         <input_file_ref idref="fl-4"/>
      </object_component>
      <object_component id="oc-3e">
         <name>Dpwm0RegsFile</name>
         <uninitialized>true</uninitialized>
         <run_address>0xd0000</run_address>
         <size>0x8c</size>
         <input_file_ref idref="fl-4"/>
      </object_component>
      <object_component id="oc-43">
         <name>FeCtrl0RegsFile</name>
         <uninitialized>true</uninitialized>
         <run_address>0xe0000</run_address>
         <size>0x44</size>
         <input_file_ref idref="fl-4"/>
      </object_component>
      <object_component id="oc-4b">
         <name>MiscAnalogRegsFile</name>
         <uninitialized>true</uninitialized>
         <run_address>0xfff7f000</run_address>
         <size>0x48</size>
         <input_file_ref idref="fl-4"/>
      </object_component>
      <object_component id="oc-4d">
         <name>PMBusRegsFile</name>
         <uninitialized>true</uninitialized>
         <run_address>0xfff7f600</run_address>
         <size>0x24</size>
         <input_file_ref idref="fl-4"/>
      </object_component>
      <object_component id="oc-48">
         <name>GioRegsFile</name>
         <uninitialized>true</uninitialized>
         <run_address>0xfff7fa00</run_address>
         <size>0x40</size>
         <input_file_ref idref="fl-4"/>
      </object_component>
      <object_component id="oc-4f">
         <name>TimerRegsFile</name>
         <uninitialized>true</uninitialized>
         <run_address>0xfff7fd00</run_address>
         <size>0x9c</size>
         <input_file_ref idref="fl-4"/>
      </object_component>
      <object_component id="oc-3c">
         <name>CimRegsFile</name>
         <uninitialized>true</uninitialized>
         <run_address>0xffffff20</run_address>
         <size>0x18</size>
         <input_file_ref idref="fl-4"/>
      </object_component>
      <object_component id="oc-3d">
         <name>DecRegsFile</name>
         <uninitialized>true</uninitialized>
         <run_address>0xfffffe00</run_address>
         <size>0x9c</size>
         <input_file_ref idref="fl-4"/>
      </object_component>
      <object_component id="oc-4c">
         <name>MmcRegsFile</name>
         <uninitialized>true</uninitialized>
         <run_address>0xfffffd00</run_address>
         <size>0x3c</size>
         <input_file_ref idref="fl-4"/>
      </object_component>
      <object_component id="oc-4e">
         <name>SysRegsFile</name>
         <uninitialized>true</uninitialized>
         <run_address>0xffffffd0</run_address>
         <size>0x30</size>
         <input_file_ref idref="fl-4"/>
      </object_component>
      <object_component id="oc-31">
         <name>.debug_info</name>
         <load_address>0x0</load_address>
         <run_address>0x0</run_address>
         <size>0xd2f</size>
         <input_file_ref idref="fl-2"/>
      </object_component>
      <object_component id="oc-36">
         <name>.debug_info</name>
         <load_address>0xd2f</load_address>
         <run_address>0xd2f</run_address>
         <size>0x19ec</size>
         <input_file_ref idref="fl-3"/>
      </object_component>
      <object_component id="oc-3a">
         <name>.debug_info</name>
         <load_address>0x271b</load_address>
         <run_address>0x271b</run_address>
         <size>0x178a4</size>
         <input_file_ref idref="fl-4"/>
      </object_component>
      <object_component id="oc-53">
         <name>.debug_info</name>
         <load_address>0x19fbf</load_address>
         <run_address>0x19fbf</run_address>
         <size>0x29c</size>
         <input_file_ref idref="fl-5"/>
      </object_component>
      <object_component id="oc-59">
         <name>.debug_info</name>
         <load_address>0x1a25b</load_address>
         <run_address>0x1a25b</run_address>
         <size>0x2395</size>
         <input_file_ref idref="fl-6"/>
      </object_component>
      <object_component id="oc-5e">
         <name>.debug_info</name>
         <load_address>0x1c5f0</load_address>
         <run_address>0x1c5f0</run_address>
         <size>0x1adb</size>
         <input_file_ref idref="fl-7"/>
      </object_component>
      <object_component id="oc-63">
         <name>.debug_info</name>
         <load_address>0x1e0cb</load_address>
         <run_address>0x1e0cb</run_address>
         <size>0x5c4e</size>
         <input_file_ref idref="fl-8"/>
      </object_component>
      <object_component id="oc-68">
         <name>.debug_info</name>
         <load_address>0x23d19</load_address>
         <run_address>0x23d19</run_address>
         <size>0x5b0b</size>
         <input_file_ref idref="fl-9"/>
      </object_component>
      <object_component id="oc-6d">
         <name>.debug_info</name>
         <load_address>0x29824</load_address>
         <run_address>0x29824</run_address>
         <size>0x2f37</size>
         <input_file_ref idref="fl-a"/>
      </object_component>
      <object_component id="oc-72">
         <name>.debug_info</name>
         <load_address>0x2c75b</load_address>
         <run_address>0x2c75b</run_address>
         <size>0x7da5</size>
         <input_file_ref idref="fl-b"/>
      </object_component>
      <object_component id="oc-77">
         <name>.debug_info</name>
         <load_address>0x34500</load_address>
         <run_address>0x34500</run_address>
         <size>0x8d2d</size>
         <input_file_ref idref="fl-c"/>
      </object_component>
      <object_component id="oc-7c">
         <name>.debug_info</name>
         <load_address>0x3d22d</load_address>
         <run_address>0x3d22d</run_address>
         <size>0xed6a</size>
         <input_file_ref idref="fl-d"/>
      </object_component>
      <object_component id="oc-84">
         <name>.debug_info</name>
         <load_address>0x4bf97</load_address>
         <run_address>0x4bf97</run_address>
         <size>0x11a</size>
         <input_file_ref idref="fl-e"/>
      </object_component>
      <object_component id="oc-89">
         <name>.debug_info</name>
         <load_address>0x4c0b1</load_address>
         <run_address>0x4c0b1</run_address>
         <size>0x8491</size>
         <input_file_ref idref="fl-f"/>
      </object_component>
      <object_component id="oc-95">
         <name>.debug_info</name>
         <load_address>0x54542</load_address>
         <run_address>0x54542</run_address>
         <size>0x6470</size>
         <input_file_ref idref="fl-10"/>
      </object_component>
      <object_component id="oc-9a">
         <name>.debug_info</name>
         <load_address>0x5a9b2</load_address>
         <run_address>0x5a9b2</run_address>
         <size>0x8155</size>
         <input_file_ref idref="fl-11"/>
      </object_component>
      <object_component id="oc-9f">
         <name>.debug_info</name>
         <load_address>0x62b07</load_address>
         <run_address>0x62b07</run_address>
         <size>0x18d2</size>
         <input_file_ref idref="fl-12"/>
      </object_component>
      <object_component id="oc-a4">
         <name>.debug_info</name>
         <load_address>0x643d9</load_address>
         <run_address>0x643d9</run_address>
         <size>0xa66</size>
         <input_file_ref idref="fl-13"/>
      </object_component>
      <object_component id="oc-aa">
         <name>.debug_info</name>
         <load_address>0x64e3f</load_address>
         <run_address>0x64e3f</run_address>
         <size>0x53cc</size>
         <input_file_ref idref="fl-14"/>
      </object_component>
      <object_component id="oc-b0">
         <name>.debug_info</name>
         <load_address>0x6a20b</load_address>
         <run_address>0x6a20b</run_address>
         <size>0x2d5</size>
         <input_file_ref idref="fl-15"/>
      </object_component>
      <object_component id="oc-b5">
         <name>.debug_info</name>
         <load_address>0x6a4e0</load_address>
         <run_address>0x6a4e0</run_address>
         <size>0xb49</size>
         <input_file_ref idref="fl-16"/>
      </object_component>
      <object_component id="oc-ba">
         <name>.debug_info</name>
         <load_address>0x6b029</load_address>
         <run_address>0x6b029</run_address>
         <size>0x129a7</size>
         <input_file_ref idref="fl-17"/>
      </object_component>
      <object_component id="oc-c0">
         <name>.debug_info</name>
         <load_address>0x7d9d0</load_address>
         <run_address>0x7d9d0</run_address>
         <size>0xd43</size>
         <input_file_ref idref="fl-18"/>
      </object_component>
      <object_component id="oc-c5">
         <name>.debug_info</name>
         <load_address>0x7e713</load_address>
         <run_address>0x7e713</run_address>
         <size>0x214</size>
         <input_file_ref idref="fl-13f"/>
      </object_component>
      <object_component id="oc-ca">
         <name>.debug_info</name>
         <load_address>0x7e927</load_address>
         <run_address>0x7e927</run_address>
         <size>0x1fa</size>
         <input_file_ref idref="fl-140"/>
      </object_component>
      <object_component id="oc-cf">
         <name>.debug_info</name>
         <load_address>0x7eb21</load_address>
         <run_address>0x7eb21</run_address>
         <size>0x203</size>
         <input_file_ref idref="fl-141"/>
      </object_component>
      <object_component id="oc-d4">
         <name>.debug_info</name>
         <load_address>0x7ed24</load_address>
         <run_address>0x7ed24</run_address>
         <size>0x10b</size>
         <input_file_ref idref="fl-142"/>
      </object_component>
      <object_component id="oc-d8">
         <name>.debug_info</name>
         <load_address>0x7ee2f</load_address>
         <run_address>0x7ee2f</run_address>
         <size>0xe7</size>
         <input_file_ref idref="fl-143"/>
      </object_component>
      <object_component id="oc-dc">
         <name>.debug_info</name>
         <load_address>0x7ef16</load_address>
         <run_address>0x7ef16</run_address>
         <size>0xd9</size>
         <input_file_ref idref="fl-144"/>
      </object_component>
      <object_component id="oc-e0">
         <name>.debug_info</name>
         <load_address>0x7efef</load_address>
         <run_address>0x7efef</run_address>
         <size>0xa2</size>
         <input_file_ref idref="fl-145"/>
      </object_component>
      <object_component id="oc-e4">
         <name>.debug_info</name>
         <load_address>0x7f091</load_address>
         <run_address>0x7f091</run_address>
         <size>0xde</size>
         <input_file_ref idref="fl-146"/>
      </object_component>
      <object_component id="oc-e8">
         <name>.debug_info</name>
         <load_address>0x7f16f</load_address>
         <run_address>0x7f16f</run_address>
         <size>0xec</size>
         <input_file_ref idref="fl-147"/>
      </object_component>
      <object_component id="oc-ec">
         <name>.debug_info</name>
         <load_address>0x7f25b</load_address>
         <run_address>0x7f25b</run_address>
         <size>0xea</size>
         <input_file_ref idref="fl-148"/>
      </object_component>
      <object_component id="oc-14b">
         <name>.debug_info</name>
         <load_address>0x7f345</load_address>
         <run_address>0x7f345</run_address>
         <size>0x437</size>
      </object_component>
      <object_component id="oc-32">
         <name>.debug_frame</name>
         <load_address>0x0</load_address>
         <run_address>0x0</run_address>
         <size>0x3f</size>
         <input_file_ref idref="fl-2"/>
      </object_component>
      <object_component id="oc-55">
         <name>.debug_frame</name>
         <load_address>0x3f</load_address>
         <run_address>0x3f</run_address>
         <size>0x47</size>
         <input_file_ref idref="fl-5"/>
      </object_component>
      <object_component id="oc-5a">
         <name>.debug_frame</name>
         <load_address>0x86</load_address>
         <run_address>0x86</run_address>
         <size>0xff</size>
         <input_file_ref idref="fl-6"/>
      </object_component>
      <object_component id="oc-5f">
         <name>.debug_frame</name>
         <load_address>0x185</load_address>
         <run_address>0x185</run_address>
         <size>0x51</size>
         <input_file_ref idref="fl-7"/>
      </object_component>
      <object_component id="oc-64">
         <name>.debug_frame</name>
         <load_address>0x1d6</load_address>
         <run_address>0x1d6</run_address>
         <size>0xd4</size>
         <input_file_ref idref="fl-8"/>
      </object_component>
      <object_component id="oc-69">
         <name>.debug_frame</name>
         <load_address>0x2aa</load_address>
         <run_address>0x2aa</run_address>
         <size>0x8c</size>
         <input_file_ref idref="fl-9"/>
      </object_component>
      <object_component id="oc-6e">
         <name>.debug_frame</name>
         <load_address>0x336</load_address>
         <run_address>0x336</run_address>
         <size>0x90</size>
         <input_file_ref idref="fl-a"/>
      </object_component>
      <object_component id="oc-73">
         <name>.debug_frame</name>
         <load_address>0x3c6</load_address>
         <run_address>0x3c6</run_address>
         <size>0x9f</size>
         <input_file_ref idref="fl-b"/>
      </object_component>
      <object_component id="oc-78">
         <name>.debug_frame</name>
         <load_address>0x465</load_address>
         <run_address>0x465</run_address>
         <size>0x4e</size>
         <input_file_ref idref="fl-c"/>
      </object_component>
      <object_component id="oc-7e">
         <name>.debug_frame</name>
         <load_address>0x4b3</load_address>
         <run_address>0x4b3</run_address>
         <size>0x9b</size>
         <input_file_ref idref="fl-d"/>
      </object_component>
      <object_component id="oc-91">
         <name>.debug_frame</name>
         <load_address>0x54e</load_address>
         <run_address>0x54e</run_address>
         <size>0x5f</size>
         <input_file_ref idref="fl-f"/>
      </object_component>
      <object_component id="oc-96">
         <name>.debug_frame</name>
         <load_address>0x5ad</load_address>
         <run_address>0x5ad</run_address>
         <size>0x202</size>
         <input_file_ref idref="fl-10"/>
      </object_component>
      <object_component id="oc-9b">
         <name>.debug_frame</name>
         <load_address>0x7af</load_address>
         <run_address>0x7af</run_address>
         <size>0x12a</size>
         <input_file_ref idref="fl-11"/>
      </object_component>
      <object_component id="oc-a0">
         <name>.debug_frame</name>
         <load_address>0x8d9</load_address>
         <run_address>0x8d9</run_address>
         <size>0xd6</size>
         <input_file_ref idref="fl-12"/>
      </object_component>
      <object_component id="oc-a6">
         <name>.debug_frame</name>
         <load_address>0x9af</load_address>
         <run_address>0x9af</run_address>
         <size>0x120</size>
         <input_file_ref idref="fl-13"/>
      </object_component>
      <object_component id="oc-ac">
         <name>.debug_frame</name>
         <load_address>0xacf</load_address>
         <run_address>0xacf</run_address>
         <size>0x210</size>
         <input_file_ref idref="fl-14"/>
      </object_component>
      <object_component id="oc-b1">
         <name>.debug_frame</name>
         <load_address>0xcdf</load_address>
         <run_address>0xcdf</run_address>
         <size>0x3f</size>
         <input_file_ref idref="fl-15"/>
      </object_component>
      <object_component id="oc-b6">
         <name>.debug_frame</name>
         <load_address>0xd1e</load_address>
         <run_address>0xd1e</run_address>
         <size>0x19a</size>
         <input_file_ref idref="fl-16"/>
      </object_component>
      <object_component id="oc-bc">
         <name>.debug_frame</name>
         <load_address>0xeb8</load_address>
         <run_address>0xeb8</run_address>
         <size>0xd9</size>
         <input_file_ref idref="fl-17"/>
      </object_component>
      <object_component id="oc-c1">
         <name>.debug_frame</name>
         <load_address>0xf91</load_address>
         <run_address>0xf91</run_address>
         <size>0x3f</size>
         <input_file_ref idref="fl-18"/>
      </object_component>
      <object_component id="oc-c6">
         <name>.debug_frame</name>
         <load_address>0xfd0</load_address>
         <run_address>0xfd0</run_address>
         <size>0x2e</size>
         <input_file_ref idref="fl-13f"/>
      </object_component>
      <object_component id="oc-cb">
         <name>.debug_frame</name>
         <load_address>0xffe</load_address>
         <run_address>0xffe</run_address>
         <size>0x2e</size>
         <input_file_ref idref="fl-140"/>
      </object_component>
      <object_component id="oc-d0">
         <name>.debug_frame</name>
         <load_address>0x102c</load_address>
         <run_address>0x102c</run_address>
         <size>0x2e</size>
         <input_file_ref idref="fl-141"/>
      </object_component>
      <object_component id="oc-33">
         <name>.debug_line</name>
         <load_address>0x0</load_address>
         <run_address>0x0</run_address>
         <size>0x51</size>
         <input_file_ref idref="fl-2"/>
      </object_component>
      <object_component id="oc-56">
         <name>.debug_line</name>
         <load_address>0x51</load_address>
         <run_address>0x51</run_address>
         <size>0x48</size>
         <input_file_ref idref="fl-5"/>
      </object_component>
      <object_component id="oc-5b">
         <name>.debug_line</name>
         <load_address>0x99</load_address>
         <run_address>0x99</run_address>
         <size>0x141</size>
         <input_file_ref idref="fl-6"/>
      </object_component>
      <object_component id="oc-60">
         <name>.debug_line</name>
         <load_address>0x1da</load_address>
         <run_address>0x1da</run_address>
         <size>0x5b</size>
         <input_file_ref idref="fl-7"/>
      </object_component>
      <object_component id="oc-65">
         <name>.debug_line</name>
         <load_address>0x235</load_address>
         <run_address>0x235</run_address>
         <size>0xf7</size>
         <input_file_ref idref="fl-8"/>
      </object_component>
      <object_component id="oc-6a">
         <name>.debug_line</name>
         <load_address>0x32c</load_address>
         <run_address>0x32c</run_address>
         <size>0xab</size>
         <input_file_ref idref="fl-9"/>
      </object_component>
      <object_component id="oc-6f">
         <name>.debug_line</name>
         <load_address>0x3d7</load_address>
         <run_address>0x3d7</run_address>
         <size>0x95</size>
         <input_file_ref idref="fl-a"/>
      </object_component>
      <object_component id="oc-74">
         <name>.debug_line</name>
         <load_address>0x46c</load_address>
         <run_address>0x46c</run_address>
         <size>0xc8</size>
         <input_file_ref idref="fl-b"/>
      </object_component>
      <object_component id="oc-79">
         <name>.debug_line</name>
         <load_address>0x534</load_address>
         <run_address>0x534</run_address>
         <size>0x5c</size>
         <input_file_ref idref="fl-c"/>
      </object_component>
      <object_component id="oc-7f">
         <name>.debug_line</name>
         <load_address>0x590</load_address>
         <run_address>0x590</run_address>
         <size>0x1a9</size>
         <input_file_ref idref="fl-d"/>
      </object_component>
      <object_component id="oc-85">
         <name>.debug_line</name>
         <load_address>0x739</load_address>
         <run_address>0x739</run_address>
         <size>0x9a</size>
         <input_file_ref idref="fl-e"/>
      </object_component>
      <object_component id="oc-92">
         <name>.debug_line</name>
         <load_address>0x7d3</load_address>
         <run_address>0x7d3</run_address>
         <size>0xe1</size>
         <input_file_ref idref="fl-f"/>
      </object_component>
      <object_component id="oc-97">
         <name>.debug_line</name>
         <load_address>0x8b4</load_address>
         <run_address>0x8b4</run_address>
         <size>0x2cd</size>
         <input_file_ref idref="fl-10"/>
      </object_component>
      <object_component id="oc-9c">
         <name>.debug_line</name>
         <load_address>0xb81</load_address>
         <run_address>0xb81</run_address>
         <size>0x270</size>
         <input_file_ref idref="fl-11"/>
      </object_component>
      <object_component id="oc-a1">
         <name>.debug_line</name>
         <load_address>0xdf1</load_address>
         <run_address>0xdf1</run_address>
         <size>0x1c0</size>
         <input_file_ref idref="fl-12"/>
      </object_component>
      <object_component id="oc-a7">
         <name>.debug_line</name>
         <load_address>0xfb1</load_address>
         <run_address>0xfb1</run_address>
         <size>0x134</size>
         <input_file_ref idref="fl-13"/>
      </object_component>
      <object_component id="oc-ad">
         <name>.debug_line</name>
         <load_address>0x10e5</load_address>
         <run_address>0x10e5</run_address>
         <size>0x333</size>
         <input_file_ref idref="fl-14"/>
      </object_component>
      <object_component id="oc-b2">
         <name>.debug_line</name>
         <load_address>0x1418</load_address>
         <run_address>0x1418</run_address>
         <size>0x50</size>
         <input_file_ref idref="fl-15"/>
      </object_component>
      <object_component id="oc-b7">
         <name>.debug_line</name>
         <load_address>0x1468</load_address>
         <run_address>0x1468</run_address>
         <size>0x17f</size>
         <input_file_ref idref="fl-16"/>
      </object_component>
      <object_component id="oc-bd">
         <name>.debug_line</name>
         <load_address>0x15e7</load_address>
         <run_address>0x15e7</run_address>
         <size>0x649</size>
         <input_file_ref idref="fl-17"/>
      </object_component>
      <object_component id="oc-c2">
         <name>.debug_line</name>
         <load_address>0x1c30</load_address>
         <run_address>0x1c30</run_address>
         <size>0x58</size>
         <input_file_ref idref="fl-18"/>
      </object_component>
      <object_component id="oc-c7">
         <name>.debug_line</name>
         <load_address>0x1c88</load_address>
         <run_address>0x1c88</run_address>
         <size>0x37</size>
         <input_file_ref idref="fl-13f"/>
      </object_component>
      <object_component id="oc-cc">
         <name>.debug_line</name>
         <load_address>0x1cbf</load_address>
         <run_address>0x1cbf</run_address>
         <size>0x36</size>
         <input_file_ref idref="fl-140"/>
      </object_component>
      <object_component id="oc-d1">
         <name>.debug_line</name>
         <load_address>0x1cf5</load_address>
         <run_address>0x1cf5</run_address>
         <size>0x31</size>
         <input_file_ref idref="fl-141"/>
      </object_component>
      <object_component id="oc-d5">
         <name>.debug_line</name>
         <load_address>0x1d26</load_address>
         <run_address>0x1d26</run_address>
         <size>0x104</size>
         <input_file_ref idref="fl-142"/>
      </object_component>
      <object_component id="oc-d9">
         <name>.debug_line</name>
         <load_address>0x1e2a</load_address>
         <run_address>0x1e2a</run_address>
         <size>0x5a</size>
         <input_file_ref idref="fl-143"/>
      </object_component>
      <object_component id="oc-dd">
         <name>.debug_line</name>
         <load_address>0x1e84</load_address>
         <run_address>0x1e84</run_address>
         <size>0x87</size>
         <input_file_ref idref="fl-144"/>
      </object_component>
      <object_component id="oc-e1">
         <name>.debug_line</name>
         <load_address>0x1f0b</load_address>
         <run_address>0x1f0b</run_address>
         <size>0x2d</size>
         <input_file_ref idref="fl-145"/>
      </object_component>
      <object_component id="oc-e5">
         <name>.debug_line</name>
         <load_address>0x1f38</load_address>
         <run_address>0x1f38</run_address>
         <size>0x4b</size>
         <input_file_ref idref="fl-146"/>
      </object_component>
      <object_component id="oc-e9">
         <name>.debug_line</name>
         <load_address>0x1f83</load_address>
         <run_address>0x1f83</run_address>
         <size>0x43</size>
         <input_file_ref idref="fl-147"/>
      </object_component>
      <object_component id="oc-ed">
         <name>.debug_line</name>
         <load_address>0x1fc6</load_address>
         <run_address>0x1fc6</run_address>
         <size>0xde</size>
         <input_file_ref idref="fl-148"/>
      </object_component>
      <object_component id="oc-34">
         <name>.debug_abbrev</name>
         <load_address>0x0</load_address>
         <run_address>0x0</run_address>
         <size>0xb4</size>
         <input_file_ref idref="fl-2"/>
      </object_component>
      <object_component id="oc-39">
         <name>.debug_abbrev</name>
         <load_address>0xb4</load_address>
         <run_address>0xb4</run_address>
         <size>0xa3</size>
         <input_file_ref idref="fl-3"/>
      </object_component>
      <object_component id="oc-52">
         <name>.debug_abbrev</name>
         <load_address>0x157</load_address>
         <run_address>0x157</run_address>
         <size>0x93</size>
         <input_file_ref idref="fl-4"/>
      </object_component>
      <object_component id="oc-57">
         <name>.debug_abbrev</name>
         <load_address>0x1ea</load_address>
         <run_address>0x1ea</run_address>
         <size>0xbe</size>
         <input_file_ref idref="fl-5"/>
      </object_component>
      <object_component id="oc-5c">
         <name>.debug_abbrev</name>
         <load_address>0x2a8</load_address>
         <run_address>0x2a8</run_address>
         <size>0x137</size>
         <input_file_ref idref="fl-6"/>
      </object_component>
      <object_component id="oc-61">
         <name>.debug_abbrev</name>
         <load_address>0x3df</load_address>
         <run_address>0x3df</run_address>
         <size>0xc8</size>
         <input_file_ref idref="fl-7"/>
      </object_component>
      <object_component id="oc-66">
         <name>.debug_abbrev</name>
         <load_address>0x4a7</load_address>
         <run_address>0x4a7</run_address>
         <size>0xc2</size>
         <input_file_ref idref="fl-8"/>
      </object_component>
      <object_component id="oc-6b">
         <name>.debug_abbrev</name>
         <load_address>0x569</load_address>
         <run_address>0x569</run_address>
         <size>0xc2</size>
         <input_file_ref idref="fl-9"/>
      </object_component>
      <object_component id="oc-70">
         <name>.debug_abbrev</name>
         <load_address>0x62b</load_address>
         <run_address>0x62b</run_address>
         <size>0xc2</size>
         <input_file_ref idref="fl-a"/>
      </object_component>
      <object_component id="oc-75">
         <name>.debug_abbrev</name>
         <load_address>0x6ed</load_address>
         <run_address>0x6ed</run_address>
         <size>0x11b</size>
         <input_file_ref idref="fl-b"/>
      </object_component>
      <object_component id="oc-7a">
         <name>.debug_abbrev</name>
         <load_address>0x808</load_address>
         <run_address>0x808</run_address>
         <size>0xc2</size>
         <input_file_ref idref="fl-c"/>
      </object_component>
      <object_component id="oc-80">
         <name>.debug_abbrev</name>
         <load_address>0x8ca</load_address>
         <run_address>0x8ca</run_address>
         <size>0x143</size>
         <input_file_ref idref="fl-d"/>
      </object_component>
      <object_component id="oc-86">
         <name>.debug_abbrev</name>
         <load_address>0xa0d</load_address>
         <run_address>0xa0d</run_address>
         <size>0x4f</size>
         <input_file_ref idref="fl-e"/>
      </object_component>
      <object_component id="oc-93">
         <name>.debug_abbrev</name>
         <load_address>0xa5c</load_address>
         <run_address>0xa5c</run_address>
         <size>0x11c</size>
         <input_file_ref idref="fl-f"/>
      </object_component>
      <object_component id="oc-98">
         <name>.debug_abbrev</name>
         <load_address>0xb78</load_address>
         <run_address>0xb78</run_address>
         <size>0x156</size>
         <input_file_ref idref="fl-10"/>
      </object_component>
      <object_component id="oc-9d">
         <name>.debug_abbrev</name>
         <load_address>0xcce</load_address>
         <run_address>0xcce</run_address>
         <size>0x19d</size>
         <input_file_ref idref="fl-11"/>
      </object_component>
      <object_component id="oc-a2">
         <name>.debug_abbrev</name>
         <load_address>0xe6b</load_address>
         <run_address>0xe6b</run_address>
         <size>0x14b</size>
         <input_file_ref idref="fl-12"/>
      </object_component>
      <object_component id="oc-a8">
         <name>.debug_abbrev</name>
         <load_address>0xfb6</load_address>
         <run_address>0xfb6</run_address>
         <size>0xfa</size>
         <input_file_ref idref="fl-13"/>
      </object_component>
      <object_component id="oc-ae">
         <name>.debug_abbrev</name>
         <load_address>0x10b0</load_address>
         <run_address>0x10b0</run_address>
         <size>0x18b</size>
         <input_file_ref idref="fl-14"/>
      </object_component>
      <object_component id="oc-b3">
         <name>.debug_abbrev</name>
         <load_address>0x123b</load_address>
         <run_address>0x123b</run_address>
         <size>0x88</size>
         <input_file_ref idref="fl-15"/>
      </object_component>
      <object_component id="oc-b8">
         <name>.debug_abbrev</name>
         <load_address>0x12c3</load_address>
         <run_address>0x12c3</run_address>
         <size>0x96</size>
         <input_file_ref idref="fl-16"/>
      </object_component>
      <object_component id="oc-be">
         <name>.debug_abbrev</name>
         <load_address>0x1359</load_address>
         <run_address>0x1359</run_address>
         <size>0x14e</size>
         <input_file_ref idref="fl-17"/>
      </object_component>
      <object_component id="oc-c3">
         <name>.debug_abbrev</name>
         <load_address>0x14a7</load_address>
         <run_address>0x14a7</run_address>
         <size>0xb4</size>
         <input_file_ref idref="fl-18"/>
      </object_component>
      <object_component id="oc-c8">
         <name>.debug_abbrev</name>
         <load_address>0x155b</load_address>
         <run_address>0x155b</run_address>
         <size>0xb9</size>
         <input_file_ref idref="fl-13f"/>
      </object_component>
      <object_component id="oc-cd">
         <name>.debug_abbrev</name>
         <load_address>0x1614</load_address>
         <run_address>0x1614</run_address>
         <size>0xe1</size>
         <input_file_ref idref="fl-140"/>
      </object_component>
      <object_component id="oc-d2">
         <name>.debug_abbrev</name>
         <load_address>0x16f5</load_address>
         <run_address>0x16f5</run_address>
         <size>0xb9</size>
         <input_file_ref idref="fl-141"/>
      </object_component>
      <object_component id="oc-d6">
         <name>.debug_abbrev</name>
         <load_address>0x17ae</load_address>
         <run_address>0x17ae</run_address>
         <size>0x3a</size>
         <input_file_ref idref="fl-142"/>
      </object_component>
      <object_component id="oc-da">
         <name>.debug_abbrev</name>
         <load_address>0x17e8</load_address>
         <run_address>0x17e8</run_address>
         <size>0x3a</size>
         <input_file_ref idref="fl-143"/>
      </object_component>
      <object_component id="oc-de">
         <name>.debug_abbrev</name>
         <load_address>0x1822</load_address>
         <run_address>0x1822</run_address>
         <size>0x3a</size>
         <input_file_ref idref="fl-144"/>
      </object_component>
      <object_component id="oc-e2">
         <name>.debug_abbrev</name>
         <load_address>0x185c</load_address>
         <run_address>0x185c</run_address>
         <size>0x3a</size>
         <input_file_ref idref="fl-145"/>
      </object_component>
      <object_component id="oc-e6">
         <name>.debug_abbrev</name>
         <load_address>0x1896</load_address>
         <run_address>0x1896</run_address>
         <size>0x3a</size>
         <input_file_ref idref="fl-146"/>
      </object_component>
      <object_component id="oc-ea">
         <name>.debug_abbrev</name>
         <load_address>0x18d0</load_address>
         <run_address>0x18d0</run_address>
         <size>0x54</size>
         <input_file_ref idref="fl-147"/>
      </object_component>
      <object_component id="oc-ee">
         <name>.debug_abbrev</name>
         <load_address>0x1924</load_address>
         <run_address>0x1924</run_address>
         <size>0x3a</size>
         <input_file_ref idref="fl-148"/>
      </object_component>
      <object_component id="oc-14c">
         <name>.debug_abbrev</name>
         <load_address>0x195e</load_address>
         <run_address>0x195e</run_address>
         <size>0x24</size>
      </object_component>
      <object_component id="oc-35">
         <name>.debug_aranges</name>
         <load_address>0x0</load_address>
         <run_address>0x0</run_address>
         <size>0x20</size>
         <input_file_ref idref="fl-2"/>
      </object_component>
      <object_component id="oc-58">
         <name>.debug_aranges</name>
         <load_address>0x20</load_address>
         <run_address>0x20</run_address>
         <size>0x20</size>
         <input_file_ref idref="fl-5"/>
      </object_component>
      <object_component id="oc-5d">
         <name>.debug_aranges</name>
         <load_address>0x40</load_address>
         <run_address>0x40</run_address>
         <size>0x50</size>
         <input_file_ref idref="fl-6"/>
      </object_component>
      <object_component id="oc-62">
         <name>.debug_aranges</name>
         <load_address>0x90</load_address>
         <run_address>0x90</run_address>
         <size>0x20</size>
         <input_file_ref idref="fl-7"/>
      </object_component>
      <object_component id="oc-67">
         <name>.debug_aranges</name>
         <load_address>0xb0</load_address>
         <run_address>0xb0</run_address>
         <size>0x48</size>
         <input_file_ref idref="fl-8"/>
      </object_component>
      <object_component id="oc-6c">
         <name>.debug_aranges</name>
         <load_address>0xf8</load_address>
         <run_address>0xf8</run_address>
         <size>0x38</size>
         <input_file_ref idref="fl-9"/>
      </object_component>
      <object_component id="oc-71">
         <name>.debug_aranges</name>
         <load_address>0x130</load_address>
         <run_address>0x130</run_address>
         <size>0x30</size>
         <input_file_ref idref="fl-a"/>
      </object_component>
      <object_component id="oc-76">
         <name>.debug_aranges</name>
         <load_address>0x160</load_address>
         <run_address>0x160</run_address>
         <size>0x40</size>
         <input_file_ref idref="fl-b"/>
      </object_component>
      <object_component id="oc-7b">
         <name>.debug_aranges</name>
         <load_address>0x1a0</load_address>
         <run_address>0x1a0</run_address>
         <size>0x20</size>
         <input_file_ref idref="fl-c"/>
      </object_component>
      <object_component id="oc-81">
         <name>.debug_aranges</name>
         <load_address>0x1c0</load_address>
         <run_address>0x1c0</run_address>
         <size>0x40</size>
         <input_file_ref idref="fl-d"/>
      </object_component>
      <object_component id="oc-87">
         <name>.debug_aranges</name>
         <load_address>0x200</load_address>
         <run_address>0x200</run_address>
         <size>0x28</size>
         <input_file_ref idref="fl-e"/>
      </object_component>
      <object_component id="oc-94">
         <name>.debug_aranges</name>
         <load_address>0x228</load_address>
         <run_address>0x228</run_address>
         <size>0x28</size>
         <input_file_ref idref="fl-f"/>
      </object_component>
      <object_component id="oc-99">
         <name>.debug_aranges</name>
         <load_address>0x250</load_address>
         <run_address>0x250</run_address>
         <size>0xc8</size>
         <input_file_ref idref="fl-10"/>
      </object_component>
      <object_component id="oc-9e">
         <name>.debug_aranges</name>
         <load_address>0x318</load_address>
         <run_address>0x318</run_address>
         <size>0x60</size>
         <input_file_ref idref="fl-11"/>
      </object_component>
      <object_component id="oc-a3">
         <name>.debug_aranges</name>
         <load_address>0x378</load_address>
         <run_address>0x378</run_address>
         <size>0x40</size>
         <input_file_ref idref="fl-12"/>
      </object_component>
      <object_component id="oc-a9">
         <name>.debug_aranges</name>
         <load_address>0x3b8</load_address>
         <run_address>0x3b8</run_address>
         <size>0x68</size>
         <input_file_ref idref="fl-13"/>
      </object_component>
      <object_component id="oc-af">
         <name>.debug_aranges</name>
         <load_address>0x420</load_address>
         <run_address>0x420</run_address>
         <size>0xc0</size>
         <input_file_ref idref="fl-14"/>
      </object_component>
      <object_component id="oc-b4">
         <name>.debug_aranges</name>
         <load_address>0x4e0</load_address>
         <run_address>0x4e0</run_address>
         <size>0x20</size>
         <input_file_ref idref="fl-15"/>
      </object_component>
      <object_component id="oc-b9">
         <name>.debug_aranges</name>
         <load_address>0x500</load_address>
         <run_address>0x500</run_address>
         <size>0x88</size>
         <input_file_ref idref="fl-16"/>
      </object_component>
      <object_component id="oc-bf">
         <name>.debug_aranges</name>
         <load_address>0x588</load_address>
         <run_address>0x588</run_address>
         <size>0x48</size>
         <input_file_ref idref="fl-17"/>
      </object_component>
      <object_component id="oc-c4">
         <name>.debug_aranges</name>
         <load_address>0x5d0</load_address>
         <run_address>0x5d0</run_address>
         <size>0x20</size>
         <input_file_ref idref="fl-18"/>
      </object_component>
      <object_component id="oc-c9">
         <name>.debug_aranges</name>
         <load_address>0x5f0</load_address>
         <run_address>0x5f0</run_address>
         <size>0x18</size>
         <input_file_ref idref="fl-13f"/>
      </object_component>
      <object_component id="oc-ce">
         <name>.debug_aranges</name>
         <load_address>0x608</load_address>
         <run_address>0x608</run_address>
         <size>0x18</size>
         <input_file_ref idref="fl-140"/>
      </object_component>
      <object_component id="oc-d3">
         <name>.debug_aranges</name>
         <load_address>0x620</load_address>
         <run_address>0x620</run_address>
         <size>0x18</size>
         <input_file_ref idref="fl-141"/>
      </object_component>
      <object_component id="oc-d7">
         <name>.debug_aranges</name>
         <load_address>0x638</load_address>
         <run_address>0x638</run_address>
         <size>0x20</size>
         <input_file_ref idref="fl-142"/>
      </object_component>
      <object_component id="oc-db">
         <name>.debug_aranges</name>
         <load_address>0x658</load_address>
         <run_address>0x658</run_address>
         <size>0x20</size>
         <input_file_ref idref="fl-143"/>
      </object_component>
      <object_component id="oc-df">
         <name>.debug_aranges</name>
         <load_address>0x678</load_address>
         <run_address>0x678</run_address>
         <size>0x20</size>
         <input_file_ref idref="fl-144"/>
      </object_component>
      <object_component id="oc-e3">
         <name>.debug_aranges</name>
         <load_address>0x698</load_address>
         <run_address>0x698</run_address>
         <size>0x18</size>
         <input_file_ref idref="fl-145"/>
      </object_component>
      <object_component id="oc-e7">
         <name>.debug_aranges</name>
         <load_address>0x6b0</load_address>
         <run_address>0x6b0</run_address>
         <size>0x20</size>
         <input_file_ref idref="fl-146"/>
      </object_component>
      <object_component id="oc-eb">
         <name>.debug_aranges</name>
         <load_address>0x6d0</load_address>
         <run_address>0x6d0</run_address>
         <size>0x20</size>
         <input_file_ref idref="fl-147"/>
      </object_component>
      <object_component id="oc-ef">
         <name>.debug_aranges</name>
         <load_address>0x6f0</load_address>
         <run_address>0x6f0</run_address>
         <size>0x20</size>
         <input_file_ref idref="fl-148"/>
      </object_component>
   </object_component_list>
   <logical_group_list>
      <logical_group id="lg-2" display="no" color="cyan">
         <name>.fiq</name>
         <run_address>0x0</run_address>
         <size>0x0</size>
         <contents>
         </contents>
      </logical_group>
      <logical_group id="lg-3" display="no" color="cyan">
         <name>.text</name>
         <load_address>0x20</load_address>
         <run_address>0x20</run_address>
         <size>0x3598</size>
         <contents>
            <object_component_ref idref="oc-bb"/>
            <object_component_ref idref="oc-102"/>
            <object_component_ref idref="oc-7d"/>
            <object_component_ref idref="oc-105"/>
            <object_component_ref idref="oc-106"/>
            <object_component_ref idref="oc-f5"/>
            <object_component_ref idref="oc-f6"/>
            <object_component_ref idref="oc-103"/>
            <object_component_ref idref="oc-f9"/>
            <object_component_ref idref="oc-101"/>
            <object_component_ref idref="oc-109"/>
            <object_component_ref idref="oc-fd"/>
            <object_component_ref idref="oc-30"/>
            <object_component_ref idref="oc-f8"/>
            <object_component_ref idref="oc-f7"/>
            <object_component_ref idref="oc-f3"/>
            <object_component_ref idref="oc-107"/>
            <object_component_ref idref="oc-82"/>
            <object_component_ref idref="oc-f4"/>
            <object_component_ref idref="oc-fa"/>
            <object_component_ref idref="oc-f0"/>
            <object_component_ref idref="oc-100"/>
            <object_component_ref idref="oc-fe"/>
            <object_component_ref idref="oc-104"/>
            <object_component_ref idref="oc-ff"/>
            <object_component_ref idref="oc-fc"/>
            <object_component_ref idref="oc-fb"/>
            <object_component_ref idref="oc-108"/>
            <object_component_ref idref="oc-14a"/>
            <object_component_ref idref="oc-149"/>
            <object_component_ref idref="oc-148"/>
            <object_component_ref idref="oc-147"/>
            <object_component_ref idref="oc-146"/>
            <object_component_ref idref="oc-145"/>
            <object_component_ref idref="oc-144"/>
            <object_component_ref idref="oc-143"/>
            <object_component_ref idref="oc-142"/>
            <object_component_ref idref="oc-141"/>
            <object_component_ref idref="oc-140"/>
         </contents>
      </logical_group>
      <logical_group id="lg-4" display="no" color="cyan">
         <name>.const</name>
         <load_address>0x35c0</load_address>
         <run_address>0x35c0</run_address>
         <size>0x18a</size>
         <contents>
            <object_component_ref idref="oc-ab"/>
            <object_component_ref idref="oc-a5"/>
            <object_component_ref idref="oc-10b"/>
            <object_component_ref idref="oc-10a"/>
         </contents>
      </logical_group>
      <logical_group id="lg-5" display="no" color="cyan">
         <name>.cinit</name>
         <run_address>0x0</run_address>
         <size>0x0</size>
         <contents>
         </contents>
      </logical_group>
      <logical_group id="lg-6" display="no" color="cyan">
         <name>FixedDeviceID</name>
         <load_address>0x7f58</load_address>
         <run_address>0x7f58</run_address>
         <size>0x1f</size>
         <contents>
            <object_component_ref idref="oc-54"/>
         </contents>
      </logical_group>
      <logical_group id="lg-7" display="no" color="cyan">
         <name>FixedTfaStep</name>
         <run_address>0x0</run_address>
         <size>0x0</size>
         <contents>
         </contents>
      </logical_group>
      <logical_group id="lg-8" display="no" color="cyan">
         <name>FixedConstants</name>
         <run_address>0x0</run_address>
         <size>0x0</size>
         <contents>
         </contents>
      </logical_group>
      <logical_group id="lg-9" display="no" color="cyan">
         <name>.flashi</name>
         <run_address>0x0</run_address>
         <size>0x0</size>
         <contents>
         </contents>
      </logical_group>
      <logical_group id="lg-a" display="no" color="cyan">
         <name>.vectors</name>
         <load_address>0x0</load_address>
         <run_address>0x0</run_address>
         <size>0x20</size>
         <contents>
            <object_component_ref idref="oc-83"/>
         </contents>
      </logical_group>
      <logical_group id="lg-b" display="no" color="cyan">
         <name>.sine</name>
         <run_address>0x0</run_address>
         <size>0x0</size>
         <contents>
         </contents>
      </logical_group>
      <logical_group id="lg-c" display="no" color="cyan">
         <name>.dflash</name>
         <run_address>0x0</run_address>
         <size>0x0</size>
         <contents>
         </contents>
      </logical_group>
      <logical_group id="lg-d" display="no" color="cyan">
         <name>.CONFIG</name>
         <load_address>0x18800</load_address>
         <run_address>0x18800</run_address>
         <size>0xe8</size>
         <contents>
            <object_component_ref idref="oc-37"/>
         </contents>
      </logical_group>
      <logical_group id="lg-e" display="no" color="cyan">
         <name>.CONFIG_B</name>
         <run_address>0x18900</run_address>
         <size>0xe8</size>
         <contents>
            <object_component_ref idref="oc-38"/>
         </contents>
      </logical_group>
      <logical_group id="lg-f" display="no" color="cyan">
         <name>.PASSW</name>
         <run_address>0x0</run_address>
         <size>0x0</size>
         <contents>
         </contents>
      </logical_group>
      <logical_group id="lg-10" display="no" color="cyan">
         <name>TesterVars</name>
         <run_address>0x0</run_address>
         <size>0x0</size>
         <contents>
         </contents>
      </logical_group>
      <logical_group id="lg-11" display="no" color="cyan">
         <name>.bss</name>
         <run_address>0x1901c</run_address>
         <size>0x220</size>
         <contents>
            <object_component_ref idref="oc-88"/>
            <object_component_ref idref="oc-8a"/>
            <object_component_ref idref="oc-8b"/>
            <object_component_ref idref="oc-8c"/>
            <object_component_ref idref="oc-8d"/>
            <object_component_ref idref="oc-8e"/>
            <object_component_ref idref="oc-8f"/>
            <object_component_ref idref="oc-90"/>
         </contents>
      </logical_group>
      <logical_group id="lg-12" display="no" color="cyan">
         <name>.stack</name>
         <run_address>0x19e6c</run_address>
         <size>0x0</size>
         <contents>
            <object_component_ref idref="oc-13"/>
         </contents>
      </logical_group>
      <logical_group id="lg-14" display="no" color="cyan">
         <name>.romlock</name>
         <run_address>0x0</run_address>
         <size>0x0</size>
         <contents>
         </contents>
      </logical_group>
      <logical_group id="lg-15" display="no" color="cyan">
         <name>LoopMuxRegsFile</name>
         <run_address>0x20000</run_address>
         <size>0x78</size>
         <contents>
            <object_component_ref idref="oc-4a"/>
         </contents>
      </logical_group>
      <logical_group id="lg-16" display="no" color="cyan">
         <name>FaultMuxRegsFile</name>
         <run_address>0x30000</run_address>
         <size>0x80</size>
         <contents>
            <object_component_ref idref="oc-42"/>
         </contents>
      </logical_group>
      <logical_group id="lg-17" display="no" color="cyan">
         <name>Uart0RegsFile</name>
         <run_address>0xfff7ec00</run_address>
         <size>0x38</size>
         <contents>
            <object_component_ref idref="oc-50"/>
         </contents>
      </logical_group>
      <logical_group id="lg-18" display="no" color="cyan">
         <name>Uart1RegsFile</name>
         <run_address>0xfff7ed00</run_address>
         <size>0x38</size>
         <contents>
            <object_component_ref idref="oc-51"/>
         </contents>
      </logical_group>
      <logical_group id="lg-19" display="no" color="cyan">
         <name>AdcRegsFile</name>
         <run_address>0x40000</run_address>
         <size>0x98</size>
         <contents>
            <object_component_ref idref="oc-3b"/>
         </contents>
      </logical_group>
      <logical_group id="lg-1a" display="no" color="cyan">
         <name>Dpwm3RegsFile</name>
         <run_address>0x50000</run_address>
         <size>0x8c</size>
         <contents>
            <object_component_ref idref="oc-41"/>
         </contents>
      </logical_group>
      <logical_group id="lg-1b" display="no" color="cyan">
         <name>Filter2RegsFile</name>
         <run_address>0x60000</run_address>
         <size>0x64</size>
         <contents>
            <object_component_ref idref="oc-49"/>
         </contents>
      </logical_group>
      <logical_group id="lg-1c" display="no" color="cyan">
         <name>Dpwm2RegsFile</name>
         <run_address>0x70000</run_address>
         <size>0x8c</size>
         <contents>
            <object_component_ref idref="oc-40"/>
         </contents>
      </logical_group>
      <logical_group id="lg-1d" display="no" color="cyan">
         <name>FeCtrl2RegsFile</name>
         <run_address>0x80000</run_address>
         <size>0x44</size>
         <contents>
            <object_component_ref idref="oc-45"/>
         </contents>
      </logical_group>
      <logical_group id="lg-1e" display="no" color="cyan">
         <name>Filter1RegsFile</name>
         <run_address>0x90000</run_address>
         <size>0x64</size>
         <contents>
            <object_component_ref idref="oc-47"/>
         </contents>
      </logical_group>
      <logical_group id="lg-1f" display="no" color="cyan">
         <name>Dpwm1RegsFile</name>
         <run_address>0xa0000</run_address>
         <size>0x8c</size>
         <contents>
            <object_component_ref idref="oc-3f"/>
         </contents>
      </logical_group>
      <logical_group id="lg-20" display="no" color="cyan">
         <name>FeCtrl1RegsFile</name>
         <run_address>0xb0000</run_address>
         <size>0x44</size>
         <contents>
            <object_component_ref idref="oc-44"/>
         </contents>
      </logical_group>
      <logical_group id="lg-21" display="no" color="cyan">
         <name>Filter0RegsFile</name>
         <run_address>0xc0000</run_address>
         <size>0x64</size>
         <contents>
            <object_component_ref idref="oc-46"/>
         </contents>
      </logical_group>
      <logical_group id="lg-22" display="no" color="cyan">
         <name>Dpwm0RegsFile</name>
         <run_address>0xd0000</run_address>
         <size>0x8c</size>
         <contents>
            <object_component_ref idref="oc-3e"/>
         </contents>
      </logical_group>
      <logical_group id="lg-23" display="no" color="cyan">
         <name>FeCtrl0RegsFile</name>
         <run_address>0xe0000</run_address>
         <size>0x44</size>
         <contents>
            <object_component_ref idref="oc-43"/>
         </contents>
      </logical_group>
      <logical_group id="lg-24" display="no" color="cyan">
         <name>MiscAnalogRegsFile</name>
         <run_address>0xfff7f000</run_address>
         <size>0x48</size>
         <contents>
            <object_component_ref idref="oc-4b"/>
         </contents>
      </logical_group>
      <logical_group id="lg-25" display="no" color="cyan">
         <name>PMBusRegsFile</name>
         <run_address>0xfff7f600</run_address>
         <size>0x24</size>
         <contents>
            <object_component_ref idref="oc-4d"/>
         </contents>
      </logical_group>
      <logical_group id="lg-26" display="no" color="cyan">
         <name>GioRegsFile</name>
         <run_address>0xfff7fa00</run_address>
         <size>0x40</size>
[...]
      </symbol>
      <symbol id="sm-372">
         <name>_pmbus_read_two_byte_handler</name>
         <value>0xf24</value>
         <object_component_ref idref="oc-102"/>
      </symbol>
      <symbol id="sm-373">
         <name>_pmbus_read_message</name>
         <value>0xfb8</value>
         <object_component_ref idref="oc-102"/>
      </symbol>
      <symbol id="sm-374">
         <name>_pmbus_read_iin_oc_fault_limit</name>
         <value>0xf90</value>
         <object_component_ref idref="oc-102"/>
      </symbol>
      <symbol id="sm-375">
         <name>_pmbus_write_deadband_config</name>
         <value>0xe60</value>
         <object_component_ref idref="oc-102"/>
      </symbol>
      <symbol id="sm-376">
         <name>_pmbus_write_temp_ot_fault_limit</name>
         <value>0xe0c</value>
         <object_component_ref idref="oc-102"/>
      </symbol>
      <symbol id="sm-377">
         <name>_pmbus_read_vout_cmd</name>
         <value>0xf48</value>
         <object_component_ref idref="oc-102"/>
      </symbol>
      <symbol id="sm-378">
         <name>_pmbus_read_vout</name>
         <value>0xf58</value>
         <object_component_ref idref="oc-102"/>
      </symbol>
      <symbol id="sm-379">
         <name>_pmbus_read_iout_oc_fault_limit</name>
         <value>0xf80</value>
         <object_component_ref idref="oc-102"/>
      </symbol>
      <symbol id="sm-37a">
         <name>_pmbus_read_frequency</name>
         <value>0x1188</value>
         <object_component_ref idref="oc-102"/>
      </symbol>
      <symbol id="sm-37b">
         <name>_pmbus_write_iout_oc_fault_limit</name>
         <value>0xe18</value>
         <object_component_ref idref="oc-102"/>
      </symbol>
      <symbol id="sm-37c">
         <name>_pmbus_write_iin_oc_fault_limit</name>
         <value>0xe5c</value>
         <object_component_ref idref="oc-102"/>
      </symbol>
      <symbol id="sm-37d">
         <name>_sign_extend</name>
         <value>0xdc0</value>
         <object_component_ref idref="oc-102"/>
      </symbol>
      <symbol id="sm-37e">
         <name>_pmbus_write_vout_ov_fault_limit</name>
         <value>0xdcc</value>
         <object_component_ref idref="oc-102"/>
      </symbol>
      <symbol id="sm-37f">
         <name>_pmbus_write_vout_cmd</name>
         <value>0xe08</value>
         <object_component_ref idref="oc-102"/>
      </symbol>
      <symbol id="sm-380">
         <name>_pmbus_write_message</name>
         <value>0xe64</value>
         <object_component_ref idref="oc-102"/>
      </symbol>
      <symbol id="sm-381">
         <name>_pmbus_read_one_byte_handler</name>
         <value>0xf70</value>
         <object_component_ref idref="oc-102"/>
      </symbol>
      <symbol id="sm-382">
         <name>_pmbus_read_iout</name>
         <value>0xfa0</value>
         <object_component_ref idref="oc-102"/>
      </symbol>
      <symbol id="sm-3cc">
         <name>_copy_coefficients_to_filter</name>
         <value>0x1560</value>
         <object_component_ref idref="oc-105"/>
      </symbol>
      <symbol id="sm-3cd">
         <name>_restore_default_all</name>
         <value>0x1618</value>
         <object_component_ref idref="oc-105"/>
      </symbol>
      <symbol id="sm-3ce">
         <name>_copy_coefficients_to_ram</name>
         <value>0x16b8</value>
         <object_component_ref idref="oc-105"/>
      </symbol>
      <symbol id="sm-3cf">
         <name>_restore_configuration</name>
         <value>0x16b4</value>
         <object_component_ref idref="oc-105"/>
      </symbol>
      <symbol id="sm-3d0">
         <name>_pmbus_write_restore_default_all</name>
         <value>0x1868</value>
         <object_component_ref idref="oc-105"/>
      </symbol>
      <symbol id="sm-3d1">
         <name>_pmbus_data_translation</name>
         <value>0x187c</value>
         <object_component_ref idref="oc-105"/>
      </symbol>
      <symbol id="sm-3d2">
         <name>_pmbus_write_store_default_all</name>
         <value>0x1708</value>
         <object_component_ref idref="oc-105"/>
      </symbol>
      <symbol id="sm-3d3">
         <name>_restore_filter1</name>
         <value>0x15b0</value>
         <object_component_ref idref="oc-105"/>
      </symbol>
      <symbol id="sm-3d4">
         <name>_restore_filter0</name>
         <value>0x15e4</value>
         <object_component_ref idref="oc-105"/>
      </symbol>
      <symbol id="sm-412">
         <name>_pmbus_read_block_handler</name>
         <value>0x203c</value>
         <object_component_ref idref="oc-f6"/>
      </symbol>
      <symbol id="sm-413">
         <name>_pmbus_write_block_handler</name>
         <value>0x1f80</value>
         <object_component_ref idref="oc-f6"/>
      </symbol>
      <symbol id="sm-414">
         <name>_pmbus_idle_handler</name>
         <value>0x20ec</value>
         <object_component_ref idref="oc-f6"/>
      </symbol>
      <symbol id="sm-415">
         <name>_pmbus_handler</name>
         <value>0x21bc</value>
         <object_component_ref idref="oc-f6"/>
      </symbol>
      <symbol id="sm-416">
         <name>_pmbus_read_wait_for_eom_handler</name>
         <value>0x2014</value>
         <object_component_ref idref="oc-f6"/>
      </symbol>
      <symbol id="sm-450">
         <name>_setup_id</name>
         <value>0x367c</value>
         <object_component_ref idref="oc-a5"/>
      </symbol>
      <symbol id="sm-451">
         <name>_pmbus_mfr_revision_handler</name>
         <value>0x306c</value>
         <object_component_ref idref="oc-107"/>
      </symbol>
      <symbol id="sm-452">
         <name>_pmbus_mfr_ic_device_rev_handler</name>
         <value>0x30ac</value>
         <object_component_ref idref="oc-107"/>
      </symbol>
      <symbol id="sm-453">
         <name>_pmbus_mfr_id_handler</name>
         <value>0x309c</value>
         <object_component_ref idref="oc-107"/>
      </symbol>
      <symbol id="sm-454">
         <name>_mfr_id</name>
         <value>0x3690</value>
         <object_component_ref idref="oc-a5"/>
      </symbol>
      <symbol id="sm-455">
         <name>_mfr_location</name>
         <value>0x36b4</value>
         <object_component_ref idref="oc-a5"/>
      </symbol>
      <symbol id="sm-456">
         <name>_pmbus_mfr_location_handler</name>
         <value>0x308c</value>
         <object_component_ref idref="oc-107"/>
      </symbol>
      <symbol id="sm-457">
         <name>_pmbus_mfr_ic_device_handler</name>
         <value>0x30bc</value>
         <object_component_ref idref="oc-107"/>
      </symbol>
      <symbol id="sm-458">
         <name>_mfr_revision</name>
         <value>0x36a8</value>
         <object_component_ref idref="oc-a5"/>
      </symbol>
      <symbol id="sm-459">
         <name>_pmbus_mfr_model_handler</name>
         <value>0x307c</value>
         <object_component_ref idref="oc-107"/>
      </symbol>
      <symbol id="sm-45a">
         <name>_pmbus_mfr_date_handler</name>
         <value>0x30cc</value>
         <object_component_ref idref="oc-107"/>
      </symbol>
      <symbol id="sm-45b">
         <name>_mfr_ic_device_rev</name>
         <value>0x36d4</value>
         <object_component_ref idref="oc-a5"/>
      </symbol>
      <symbol id="sm-45c">
         <name>_send_string</name>
         <value>0x3028</value>
         <object_component_ref idref="oc-107"/>
      </symbol>
      <symbol id="sm-45d">
         <name>_mfr_model</name>
         <value>0x3694</value>
         <object_component_ref idref="oc-a5"/>
      </symbol>
      <symbol id="sm-45e">
         <name>_mfr_serial</name>
         <value>0x36c0</value>
         <object_component_ref idref="oc-a5"/>
      </symbol>
      <symbol id="sm-45f">
         <name>_mfr_date</name>
         <value>0x36ac</value>
         <object_component_ref idref="oc-a5"/>
      </symbol>
      <symbol id="sm-460">
         <name>_mfr_ic_device</name>
         <value>0x36c8</value>
         <object_component_ref idref="oc-a5"/>
      </symbol>
      <symbol id="sm-461">
         <name>_pmbus_read_setup_id</name>
         <value>0x304c</value>
         <object_component_ref idref="oc-107"/>
      </symbol>
      <symbol id="sm-462">
         <name>_pmbus_mfr_serial_handler</name>
         <value>0x305c</value>
         <object_component_ref idref="oc-107"/>
      </symbol>
      <symbol id="sm-4dd">
         <name>_vbus_full_range_text</name>
         <value>0x366c</value>
         <object_component_ref idref="oc-ab"/>
      </symbol>
      <symbol id="sm-4de">
         <name>_pmbus_write_cpcc_config</name>
         <value>0x1aa4</value>
         <object_component_ref idref="oc-106"/>
      </symbol>
      <symbol id="sm-4df">
         <name>_cmd_dcdc_paged</name>
         <value>0x35e0</value>
         <object_component_ref idref="oc-ab"/>
      </symbol>
      <symbol id="sm-4e0">
         <name>_pmbus_read_cmd_dcdc_nonpaged</name>
         <value>0x1bdc</value>
         <object_component_ref idref="oc-106"/>
      </symbol>
      <symbol id="sm-4e1">
         <name>_watchdog_reset</name>
         <value>0x18f4</value>
         <object_component_ref idref="oc-106"/>
      </symbol>
      <symbol id="sm-4e2">
         <name>_pmbus_write_pfc_zvs_enable</name>
         <value>0x1968</value>
         <object_component_ref idref="oc-106"/>
      </symbol>
      <symbol id="sm-4e3">
         <name>_yes_text</name>
         <value>0x3678</value>
         <object_component_ref idref="oc-ab"/>
      </symbol>
      <symbol id="sm-4e4">
         <name>_pmbus_write_gui_constant</name>
         <value>0x1a98</value>
         <object_component_ref idref="oc-106"/>
      </symbol>
      <symbol id="sm-4e5">
         <name>_pmbus_read_parm_value</name>
         <value>0x1ac4</value>
         <object_component_ref idref="oc-106"/>
      </symbol>
      <symbol id="sm-4e6">
         <name>_parm_mem_start</name>
         <value>0x36d8</value>
         <object_component_ref idref="oc-10b"/>
      </symbol>
      <symbol id="sm-4e7">
         <name>_debug_7_text</name>
         <value>0x3664</value>
         <object_component_ref idref="oc-ab"/>
      </symbol>
      <symbol id="sm-4e8">
         <name>_debug_6_text</name>
         <value>0x365c</value>
         <object_component_ref idref="oc-ab"/>
      </symbol>
      <symbol id="sm-4e9">
         <name>_debug_5_text</name>
         <value>0x3654</value>
         <object_component_ref idref="oc-ab"/>
      </symbol>
      <symbol id="sm-4ea">
         <name>_debug_4_text</name>
         <value>0x364c</value>
         <object_component_ref idref="oc-ab"/>
      </symbol>
      <symbol id="sm-4eb">
         <name>_debug_3_text</name>
         <value>0x3644</value>
         <object_component_ref idref="oc-ab"/>
      </symbol>
      <symbol id="sm-4ec">
         <name>_pmbus_write_parm_value</name>
         <value>0x1970</value>
         <object_component_ref idref="oc-106"/>
      </symbol>
      <symbol id="sm-4ed">
         <name>_debug_2_text</name>
         <value>0x363c</value>
         <object_component_ref idref="oc-ab"/>
      </symbol>
      <symbol id="sm-4ee">
         <name>_debug_1_text</name>
         <value>0x3634</value>
         <object_component_ref idref="oc-ab"/>
      </symbol>
      <symbol id="sm-4ef">
         <name>_debug_0_text</name>
         <value>0x362c</value>
         <object_component_ref idref="oc-ab"/>
      </symbol>
      <symbol id="sm-4f0">
         <name>_pmbus_read_user_ram_00</name>
         <value>0x1aa8</value>
         <object_component_ref idref="oc-106"/>
      </symbol>
      <symbol id="sm-4f1">
         <name>_pmbus_write_user_ram_00</name>
         <value>0x194c</value>
         <object_component_ref idref="oc-106"/>
      </symbol>
      <symbol id="sm-4f2">
         <name>_pmbus_write_parm_info</name>
         <value>0x1a44</value>
         <object_component_ref idref="oc-106"/>
      </symbol>
      <symbol id="sm-4f3">
         <name>_parm_mem_length</name>
         <value>0x3724</value>
         <object_component_ref idref="oc-10a"/>
      </symbol>
      <symbol id="sm-4f4">
         <name>_pmbus_write_light_load_config</name>
         <value>0x1a94</value>
         <object_component_ref idref="oc-106"/>
      </symbol>
      <symbol id="sm-4f5">
         <name>_status_bit_mask</name>
         <value>0x3620</value>
         <object_component_ref idref="oc-ab"/>
      </symbol>
      <symbol id="sm-4f6">
         <name>_pmbus_read_cmd_dcdc_paged</name>
         <value>0x1bb4</value>
         <object_component_ref idref="oc-106"/>
      </symbol>
      <symbol id="sm-4f7">
         <name>_cmd_pfc</name>
         <value>0x35c0</value>
         <object_component_ref idref="oc-ab"/>
      </symbol>
      <symbol id="sm-4f8">
         <name>_pmbus_write_pfc_os_enable</name>
         <value>0x196c</value>
         <object_component_ref idref="oc-106"/>
      </symbol>
      <symbol id="sm-4f9">
         <name>_pmbus_read_debug_buffer</name>
         <value>0x1b60</value>
         <object_component_ref idref="oc-106"/>
      </symbol>
      <symbol id="sm-4fa">
         <name>_pmbus_read_pfc_os_enable</name>
         <value>0x1ac0</value>
         <object_component_ref idref="oc-106"/>
      </symbol>
      <symbol id="sm-4fb">
         <name>_cmd_dcdc_nonpaged</name>
         <value>0x3600</value>
         <object_component_ref idref="oc-ab"/>
      </symbol>
      <symbol id="sm-4fc">
         <name>_na_text</name>
         <value>0x3674</value>
         <object_component_ref idref="oc-ab"/>
      </symbol>
      <symbol id="sm-4fd">
         <name>_pmbus_read_pfc_zvs_enable</name>
         <value>0x1abc</value>
         <object_component_ref idref="oc-106"/>
      </symbol>
      <symbol id="sm-4fe">
         <name>_pmbus_read_parm_info</name>
         <value>0x1b30</value>
         <object_component_ref idref="oc-106"/>
      </symbol>
      <symbol id="sm-4ff">
         <name>_pmbus_read_light_load_config</name>
         <value>0x1b5c</value>
         <object_component_ref idref="oc-106"/>
      </symbol>
      <symbol id="sm-500">
         <name>_pmbus_write_rom_mode</name>
         <value>0x1958</value>
         <object_component_ref idref="oc-106"/>
      </symbol>
      <symbol id="sm-501">
         <name>_pmbus_read_cmd_pfc</name>
         <value>0x1b8c</value>
         <object_component_ref idref="oc-106"/>
      </symbol>
      <symbol id="sm-502">
         <name>_pmbus_read_cpcc_config</name>
         <value>0x1b88</value>
         <object_component_ref idref="oc-106"/>
      </symbol>
      <symbol id="sm-514">
         <name>_linear11_translation</name>
         <value>0x3468</value>
         <object_component_ref idref="oc-104"/>
      </symbol>
      <symbol id="sm-53c">
         <name>_write_data_flash_word</name>
         <value>0x26e4</value>
         <object_component_ref idref="oc-101"/>
      </symbol>
      <symbol id="sm-53d">
         <name>_write_firqpr</name>
         <value>0x26c8</value>
         <object_component_ref idref="oc-101"/>
      </symbol>
      <symbol id="sm-53e">
         <name>_write_reqmask</name>
         <value>0x26ac</value>
         <object_component_ref idref="oc-101"/>
      </symbol>
      <symbol id="sm-53f">
         <name>_set_user_mode</name>
         <value>0x2710</value>
         <object_component_ref idref="oc-101"/>
      </symbol>
      <symbol id="sm-540">
         <name>_disable_interrupt</name>
         <value>0x27e8</value>
         <object_component_ref idref="oc-101"/>
      </symbol>
      <symbol id="sm-541">
         <name>_erase_pflash</name>
         <value>0x2750</value>
         <object_component_ref idref="oc-101"/>
      </symbol>
      <symbol id="sm-542">
         <name>_erase_dflash_segment_no_delay</name>
         <value>0x2770</value>
         <object_component_ref idref="oc-101"/>
      </symbol>
      <symbol id="sm-543">
         <name>_disable_fast_interrupt</name>
         <value>0x2808</value>
         <object_component_ref idref="oc-101"/>
      </symbol>
      <symbol id="sm-544">
         <name>_write_data_flash_block</name>
         <value>0x26fc</value>
         <object_component_ref idref="oc-101"/>
      </symbol>
      <symbol id="sm-545">
         <name>_erase_data_flash_segment</name>
         <value>0x278c</value>
         <object_component_ref idref="oc-101"/>
      </symbol>
      <symbol id="sm-546">
         <name>_enable_fast_interrupt</name>
         <value>0x27c8</value>
         <object_component_ref idref="oc-101"/>
      </symbol>
      <symbol id="sm-547">
         <name>_set_supervisor_mode</name>
         <value>0x2730</value>
         <object_component_ref idref="oc-101"/>
      </symbol>
      <symbol id="sm-548">
         <name>_enable_interrupt</name>
         <value>0x27a8</value>
         <object_component_ref idref="oc-101"/>
      </symbol>
      <symbol id="sm-549">
         <name>_clear_integrity_word</name>
         <value>0x2828</value>
         <object_component_ref idref="oc-101"/>
      </symbol>
      <symbol id="sm-618">
         <name>_shut_down</name>
         <value>0x1cdc</value>
         <object_component_ref idref="oc-f5"/>
      </symbol>
      <symbol id="sm-619">
         <name>_poll_adc</name>
         <value>0x1c58</value>
         <object_component_ref idref="oc-f5"/>
      </symbol>
      <symbol id="sm-61a">
         <name>_standard_interrupt</name>
         <value>0x20</value>
         <object_component_ref idref="oc-bb"/>
      </symbol>
      <symbol id="sm-61b">
         <name>_preset_filter0</name>
         <value>0x1d04</value>
         <object_component_ref idref="oc-f5"/>
      </symbol>
      <symbol id="sm-61c">
         <name>_preset_filter1</name>
         <value>0x1d54</value>
         <object_component_ref idref="oc-f5"/>
      </symbol>
      <symbol id="sm-633">
         <name>_zero_out_integrity_word</name>
         <value>0x33e4</value>
         <object_component_ref idref="oc-100"/>
      </symbol>
      <symbol id="sm-67e">
         <name>FD$SUB</name>
         <value>0x29e0</value>
         <object_component_ref idref="oc-fd"/>
      </symbol>
      <symbol id="sm-67f">
         <name>FD$ADD</name>
         <value>0x29ea</value>
         <object_component_ref idref="oc-fd"/>
      </symbol>
      <symbol id="sm-694">
         <name>FD$TOU</name>
         <value>0x3428</value>
         <object_component_ref idref="oc-fe"/>
      </symbol>
      <symbol id="sm-6b4">
         <name>C$MEMCPY</name>
         <value>0x3348</value>
         <object_component_ref idref="oc-f0"/>
      </symbol>
      <symbol id="sm-6d1">
         <name>U$TOFD</name>
         <value>0x34b8</value>
         <object_component_ref idref="oc-fc"/>
      </symbol>
      <symbol id="sm-6e2">
         <name>ULL$DIV</name>
         <value>0x34dc</value>
         <object_component_ref idref="oc-fb"/>
      </symbol>
      <symbol id="sm-6e3">
         <name>ULL$MOD</name>
         <value>0x34dc</value>
         <object_component_ref idref="oc-fb"/>
      </symbol>
      <symbol id="sm-711">
         <name>ULL_DIV</name>
         <value>0x2214</value>
         <object_component_ref idref="oc-103"/>
      </symbol>
      <symbol id="sm-712">
         <name>ULL_MOD</name>
         <value>0x2214</value>
         <object_component_ref idref="oc-103"/>
      </symbol>
   </symbol_table>
   <title>Link successful</title>
</link_info>
